// Vitest Snapshot v1

exports[`Foo > snapshot 1`] = `
{
  "foo": "bar",
}
`;
